// Jest Snapshot v1, https://goo.gl/fbAQLP

exports[`Header: should render correctly 1`] = `
<header
  className="header"
>
  <h1>
    todos
  </h1>
  <input
    autoFocus={true}
    className="new-todo"
    onChange={[Function]}
    onKeyDown={[Function]}
    placeholder="What needs to be done?"
    type="text"
    value=""
  />
</header>
`;
