// Jest Snapshot v1, https://goo.gl/fbAQLP

exports[`TodoItem Container: should render correctly with default props 1`] = `<Connect(TodoItemContainer) />`;
